00:41:19 **** Auto Build of configuration Debug for project alu_project ****
make pre-build main-build 
a9-linaro-pre-build-step
' '
'Building file: ../src/main.c'
'Invoking: ARM v7 gcc compiler'
arm-none-eabi-gcc -Wall -O0 -g3 -c -fmessage-length=0 -MT"src/main.o" -mcpu=cortex-a9 -mfpu=vfpv3 -mfloat-abi=hard -I../../alu_project_bsp/ps7_cortexa9_0/include -MMD -MP -MF"src/main.d" -MT"src/main.o" -o "src/main.o" "../src/main.c"
'Finished building: ../src/main.c'
' '
'Building target: alu_project.elf'
'Invoking: ARM v7 gcc linker'
arm-none-eabi-gcc -mcpu=cortex-a9 -mfpu=vfpv3 -mfloat-abi=hard -Wl,-build-id=none -specs=Xilinx.spec -Wl,-T -Wl,../src/lscript.ld -L../../alu_project_bsp/ps7_cortexa9_0/lib -o "alu_project.elf"  ./src/main.o   -Wl,--start-group,-lxil,-lgcc,-lc,--end-group
'Finished building target: alu_project.elf'
' '
'Invoking: ARM v7 Print Size'
arm-none-eabi-size alu_project.elf  |tee "alu_project.elf.size"
   text	   data	    bss	    dec	    hex	filename
  22948	   1144	  22568	  46660	   b644	alu_project.elf
'Finished building: alu_project.elf.size'
' '

00:41:20 Build Finished (took 751ms)

