13:43:24 **** Auto Build of configuration Debug for project alu_test_app ****
make pre-build main-build 
a9-linaro-pre-build-step
' '
'Building file: ../src/alu_main.c'
'Invoking: ARM v7 gcc compiler'
arm-none-eabi-gcc -Wall -O0 -g3 -c -fmessage-length=0 -MT"src/alu_main.o" -mcpu=cortex-a9 -mfpu=vfpv3 -mfloat-abi=hard -I../../alu_test_app_bsp/ps7_cortexa9_0/include -MMD -MP -MF"src/alu_main.d" -MT"src/alu_main.o" -o "src/alu_main.o" "../src/alu_main.c"
'Finished building: ../src/alu_main.c'
' '
'Building file: ../src/platform.c'
'Invoking: ARM v7 gcc compiler'
arm-none-eabi-gcc -Wall -O0 -g3 -c -fmessage-length=0 -MT"src/platform.o" -mcpu=cortex-a9 -mfpu=vfpv3 -mfloat-abi=hard -I../../alu_test_app_bsp/ps7_cortexa9_0/include -MMD -MP -MF"src/platform.d" -MT"src/platform.o" -o "src/platform.o" "../src/platform.c"
'Finished building: ../src/platform.c'
' '
'Building target: alu_test_app.elf'
'Invoking: ARM v7 gcc linker'
arm-none-eabi-gcc -mcpu=cortex-a9 -mfpu=vfpv3 -mfloat-abi=hard -Wl,-build-id=none -specs=Xilinx.spec -Wl,-T -Wl,../src/lscript.ld -L../../alu_test_app_bsp/ps7_cortexa9_0/lib -o "alu_test_app.elf"  ./src/alu_main.o ./src/platform.o   -Wl,--start-group,-lxil,-lgcc,-lc,--end-group
'Finished building target: alu_test_app.elf'
' '
'Invoking: ARM v7 Print Size'
arm-none-eabi-size alu_test_app.elf  |tee "alu_test_app.elf.size"
   text	   data	    bss	    dec	    hex	filename
  22388	   1144	  22568	  46100	   b414	alu_test_app.elf
'Finished building: alu_test_app.elf.size'
' '

13:43:27 Build Finished (took 3s.275ms)

